// Jest Snapshot v1, https://goo.gl/fbAQLP

exports[`App component should shallow correctly 1`] = `
ShallowWrapper {
  Symbol(enzyme.__root__): [Circular],
  Symbol(enzyme.__unrendered__): <App />,
  Symbol(enzyme.__renderer__): Object {
    "batchedUpdates": [Function],
    "getNode": [Function],
    "render": [Function],
    "simulateError": [Function],
    "simulateEvent": [Function],
    "unmount": [Function],
  },
  Symbol(enzyme.__node__): Object {
    "instance": null,
    "key": undefined,
    "nodeType": "host",
    "props": Object {
      "children": <div
        className="ui segment"
      >
        <div
          className="ui teal ribbon label"
        >
          <i
            className="big snowflake icon"
          />
           X-mas holiday form!
        </div>
        <Connect(Component) />
      </div>,
      "className": "ui text container",
      "style": Object {
        "margin": "3rem",
      },
    },
    "ref": null,
    "rendered": Object {
      "instance": null,
      "key": undefined,
      "nodeType": "host",
      "props": Object {
        "children": Array [
          <div
            className="ui teal ribbon label"
          >
            <i
              className="big snowflake icon"
            />
             X-mas holiday form!
          </div>,
          <Connect(Component) />,
        ],
        "className": "ui segment",
      },
      "ref": null,
      "rendered": Array [
        Object {
          "instance": null,
          "key": undefined,
          "nodeType": "host",
          "props": Object {
            "children": Array [
              <i
                className="big snowflake icon"
              />,
              " X-mas holiday form!",
            ],
            "className": "ui teal ribbon label",
          },
          "ref": null,
          "rendered": Array [
            Object {
              "instance": null,
              "key": undefined,
              "nodeType": "host",
              "props": Object {
                "className": "big snowflake icon",
              },
              "ref": null,
              "rendered": null,
              "type": "i",
            },
            " X-mas holiday form!",
          ],
          "type": "div",
        },
        Object {
          "instance": null,
          "key": undefined,
          "nodeType": "class",
          "props": Object {},
          "ref": null,
          "rendered": null,
          "type": [Function],
        },
      ],
      "type": "div",
    },
    "type": "div",
  },
  Symbol(enzyme.__nodes__): Array [
    Object {
      "instance": null,
      "key": undefined,
      "nodeType": "host",
      "props": Object {
        "children": <div
          className="ui segment"
        >
          <div
            className="ui teal ribbon label"
          >
            <i
              className="big snowflake icon"
            />
             X-mas holiday form!
          </div>
          <Connect(Component) />
        </div>,
        "className": "ui text container",
        "style": Object {
          "margin": "3rem",
        },
      },
      "ref": null,
      "rendered": Object {
        "instance": null,
        "key": undefined,
        "nodeType": "host",
        "props": Object {
          "children": Array [
            <div
              className="ui teal ribbon label"
            >
              <i
                className="big snowflake icon"
              />
               X-mas holiday form!
            </div>,
            <Connect(Component) />,
          ],
          "className": "ui segment",
        },
        "ref": null,
        "rendered": Array [
          Object {
            "instance": null,
            "key": undefined,
            "nodeType": "host",
            "props": Object {
              "children": Array [
                <i
                  className="big snowflake icon"
                />,
                " X-mas holiday form!",
              ],
              "className": "ui teal ribbon label",
            },
            "ref": null,
            "rendered": Array [
              Object {
                "instance": null,
                "key": undefined,
                "nodeType": "host",
                "props": Object {
                  "className": "big snowflake icon",
                },
                "ref": null,
                "rendered": null,
                "type": "i",
              },
              " X-mas holiday form!",
            ],
            "type": "div",
          },
          Object {
            "instance": null,
            "key": undefined,
            "nodeType": "class",
            "props": Object {},
            "ref": null,
            "rendered": null,
            "type": [Function],
          },
        ],
        "type": "div",
      },
      "type": "div",
    },
  ],
  Symbol(enzyme.__options__): Object {
    "adapter": ReactSixteenAdapter {
      "options": Object {
        "enableComponentDidUpdateOnSetState": true,
        "lifecycles": Object {
          "componentDidUpdate": Object {
            "onSetState": true,
          },
          "getDerivedStateFromProps": true,
          "getSnapshotBeforeUpdate": true,
          "setState": Object {
            "skipsComponentDidUpdateOnNullish": true,
          },
        },
      },
    },
  },
}
`;
